
> pokedex@1.0.0 dev
> npx tsc && node dist/main.js

Pokedex > canalave-city-area
eterna-city-area
pastoria-city-area
sunyshore-city-area
sinnoh-pokemon-league-area
oreburgh-mine-1f
oreburgh-mine-b1f
valley-windworks-area
eterna-forest-area
fuego-ironworks-area
mt-coronet-1f-route-207
mt-coronet-2f
mt-coronet-3f
mt-coronet-exterior-snowfall
mt-coronet-exterior-blizzard
mt-coronet-4f
mt-coronet-4f-small-room
mt-coronet-5f
mt-coronet-6f
mt-coronet-1f-from-exterior
Pokedex > you're on the first page
Pokedex > mt-coronet-1f-route-216
mt-coronet-1f-route-211
mt-coronet-b1f
great-marsh-area-1
great-marsh-area-2
great-marsh-area-3
great-marsh-area-4
great-marsh-area-5
great-marsh-area-6
solaceon-ruins-2f
solaceon-ruins-1f
solaceon-ruins-b1f-a
solaceon-ruins-b1f-b
solaceon-ruins-b1f-c
solaceon-ruins-b2f-a
solaceon-ruins-b2f-b
solaceon-ruins-b2f-c
solaceon-ruins-b3f-a
solaceon-ruins-b3f-b
solaceon-ruins-b3f-c
Pokedex > canalave-city-area
eterna-city-area
pastoria-city-area
sunyshore-city-area
sinnoh-pokemon-league-area
oreburgh-mine-1f
oreburgh-mine-b1f
valley-windworks-area
eterna-forest-area
fuego-ironworks-area
mt-coronet-1f-route-207
mt-coronet-2f
mt-coronet-3f
mt-coronet-exterior-snowfall
mt-coronet-exterior-blizzard
mt-coronet-4f
mt-coronet-4f-small-room
mt-coronet-5f
mt-coronet-6f
mt-coronet-1f-from-exterior
Pokedex > Welcome to the Pokedex!
Usage:

exit: Exit the Pokedex
help: There is the help of Pokedex
map: Explore the next 20 locations
mapb: Go back to the previous 20 locations
Pokedex > Closing the Pokedex... Goodbye!
